// Jest Snapshot v1, https://goo.gl/fbAQLP

exports[`Pruebas en GifExpertApp should match snapshot 1`] = `
<div>
  <h1>
    GiftExpertApp
  </h1>
  <form>
    <input
      placeholder="Search Gifs"
      type="text"
      value=""
    />
  </form>
</div>
`;
